
> firstproject@1.0.0 test
> jest --watch



[1B[J
